CMake Warning at CMakeLists.txt:132 (message):
  ⚠ Qt6 WebEngine not found - web browser functionality will be limited on
  Windows/Linux


CMake Warning at CMakeLists.txt:133 (message):
    On Windows/Linux, Qt WebView requires WebEngine as backend


CMake Warning at CMakeLists.txt:134 (message):
    Install Qt WebEngine package for full web browser support


CMake Warning at CMakeLists.txt:468 (message):
  Qt Keychain not found - using basic storage (less secure)


CMake Warning (dev) at D:/msys64/ucrt64/lib/cmake/Qt6Core/Qt6CoreMacros.cmake:802 (message):
  Tried to call qt6_finalize_target twice on target 'VoiceAILLM'.  Did you
  forget to specify MANUAL_FINALIZATION to qt6_add_executable,
  qt6_add_library or qt6_add_plugin?
Call Stack (most recent call first):
  D:/msys64/ucrt64/lib/cmake/Qt6Core/Qt6CoreMacros.cmake:784:EVAL:1 (qt6_finalize_target)
  CMakeLists.txt:DEFERRED
This warning is for project developers.  Use -Wno-dev to suppress it.

