Starting Voice AI LLM build...

Using CLEAN MSYS2 UCRT64 environment...
PATH: D:\msys64\ucrt64\bin;C:\Windows\System32;C:\Windows

Tool versions:
cmake version 4.0.2

CMake suite maintained and supported by Kitware (kitware.com/cmake).

'qmake' not found but continuing with cmake...

Creating build directory...

Configuring with CMake (Qt6 UCRT64 ONLY)...
-- Detected 48 processors - enabling parallel compilation
-- Configuring for Windows
-- Using MinGW compiler
-- 64-bit architecture detected
-- Γ£ô Qt6 WebChannel found - available for future web integration
-- ≡ƒöì Detecting web components for desktop platform...
-- Γ£ù Qt6 WebEngine not found - trying WebView fallback
-- ΓÜá Qt6 WebView found - limited web browser functionality
--   Note: WebView on desktop has limited features compared to WebEngine
-- ≡ƒîÉ Web Browser Status: AVAILABLE
--   Platform: Windows
--   Backend: WebView
--   Engine: Edge WebView2 (Windows)
--   Γ£ô Qt6::WebView will be linked
-- Searching for Qt Keychain...
-- Performing manual Qt Keychain search...
-- Searching Windows-specific paths for Qt Keychain...
-- Γ£ù Qt Keychain disabled for Qt6.9 UCRT64 compatibility - using fallback encryption
-- Γ£ô Linked Qt6::WebChannel
-- Γ£ô Linked Qt6::WebView
-- Qt6 TextToSpeech support enabled
-- Added Windows SAPI libraries for speech recognition
-- Voice recognition strategy:
--   Primary: Google Cloud Speech-to-Text API (cross-platform)
--   Fallback: Platform-specific speech recognition
--   Audio capture: Qt6 Multimedia (cross-platform)
-- Configuring done (0.8s)
-- Generating done (0.2s)
-- Build files have been written to: E:/VTT/build

Building project with maximum parallelism (48 threads)...
[  0%] Built target VoiceAILLM_qmlimportscan
[  1%] Built target VoiceAILLM_copy_qml
[  2%] Built target VoiceAILLM_copy_res
[  2%] Built target VoiceAILLM_autogen_timestamp_deps
[  4%] Automatic MOC and UIC for target VoiceAILLM
[  4%] Built target VoiceAILLM_autogen
[  4%] Running AUTOMOC file extraction for target VoiceAILLM
[  4%] Running moc --collect-json for target VoiceAILLM
[  5%] Generating meta_types/qt6voiceaillm_release_metatypes.json
[  6%] Building CXX object CMakeFiles/VoiceAILLM.dir/main.cpp.obj
[  6%] Generating meta_types/qt6voiceaillm_release_metatypes.json
Build failed!
.\build.bat : 'tail' is not recognized as an internal or external command,
At line:1 char:1
+ .\build.bat > build_output.txt 2>&1
+ ~~~~~~~~~~~~~~~~~~~~~~~~~~~~~~~~~~~
    + CategoryInfo          : NotSpecified: ('tail' is not r...ternal command,:String) [], RemoteExcept 
   ion
    + FullyQualifiedErrorId : NativeCommandError
 
operable program or batch file.
